CRITICAL - 2026-04-17 22:48:24 --> ErrorException: Undefined variable $spbu
[Method: GET, Route: admin/setting]
in APPPATH\Views\v_setting.php on line 24.
 1 APPPATH\Views\v_setting.php(24): CodeIgniter\Debug\Exceptions->errorHandler(2, 'Undefined variable $spbu', 'C:\\laragon\\www\\gis-spbu-ci4\\app\\Views\\v_setting.php', 24)
 2 SYSTEMPATH\View\View.php(240): include('C:\\laragon\\www\\gis-spbu-ci4\\app\\Views\\v_setting.php')
 3 SYSTEMPATH\View\View.php(243): CodeIgniter\View\View->CodeIgniter\View\{closure}()
 4 SYSTEMPATH\Common.php(1250): CodeIgniter\View\View->render('v_setting', [], true)
 5 APPPATH\Views\v_template_back_end.php(180): view('v_setting')
 6 SYSTEMPATH\View\View.php(240): include('C:\\laragon\\www\\gis-spbu-ci4\\app\\Views\\v_template_back_end.php')
 7 SYSTEMPATH\View\View.php(243): CodeIgniter\View\View->CodeIgniter\View\{closure}()
 8 SYSTEMPATH\Common.php(1250): CodeIgniter\View\View->render('v_template_back_end', [], true)
 9 APPPATH\Controllers\Admin.php(30): view('v_template_back_end', [...])
10 SYSTEMPATH\CodeIgniter.php(951): App\Controllers\Admin->setting()
11 SYSTEMPATH\CodeIgniter.php(497): CodeIgniter\CodeIgniter->runController(Object(App\Controllers\Admin))
12 SYSTEMPATH\CodeIgniter.php(340): CodeIgniter\CodeIgniter->handleRequest(null, Object(Config\Cache), false)
13 SYSTEMPATH\Boot.php(417): CodeIgniter\CodeIgniter->run()
14 SYSTEMPATH\Boot.php(68): CodeIgniter\Boot::runCodeIgniter(Object(CodeIgniter\CodeIgniter))
15 FCPATH\index.php(59): CodeIgniter\Boot::bootWeb(Object(Config\Paths))
CRITICAL - 2026-04-17 22:48:27 --> ErrorException: Undefined variable $spbu
[Method: GET, Route: admin/setting]
in APPPATH\Views\v_setting.php on line 24.
 1 APPPATH\Views\v_setting.php(24): CodeIgniter\Debug\Exceptions->errorHandler(2, 'Undefined variable $spbu', 'C:\\laragon\\www\\gis-spbu-ci4\\app\\Views\\v_setting.php', 24)
 2 SYSTEMPATH\View\View.php(240): include('C:\\laragon\\www\\gis-spbu-ci4\\app\\Views\\v_setting.php')
 3 SYSTEMPATH\View\View.php(243): CodeIgniter\View\View->CodeIgniter\View\{closure}()
 4 SYSTEMPATH\Common.php(1250): CodeIgniter\View\View->render('v_setting', [], true)
 5 APPPATH\Views\v_template_back_end.php(180): view('v_setting')
 6 SYSTEMPATH\View\View.php(240): include('C:\\laragon\\www\\gis-spbu-ci4\\app\\Views\\v_template_back_end.php')
 7 SYSTEMPATH\View\View.php(243): CodeIgniter\View\View->CodeIgniter\View\{closure}()
 8 SYSTEMPATH\Common.php(1250): CodeIgniter\View\View->render('v_template_back_end', [], true)
 9 APPPATH\Controllers\Admin.php(30): view('v_template_back_end', [...])
10 SYSTEMPATH\CodeIgniter.php(951): App\Controllers\Admin->setting()
11 SYSTEMPATH\CodeIgniter.php(497): CodeIgniter\CodeIgniter->runController(Object(App\Controllers\Admin))
12 SYSTEMPATH\CodeIgniter.php(340): CodeIgniter\CodeIgniter->handleRequest(null, Object(Config\Cache), false)
13 SYSTEMPATH\Boot.php(417): CodeIgniter\CodeIgniter->run()
14 SYSTEMPATH\Boot.php(68): CodeIgniter\Boot::runCodeIgniter(Object(CodeIgniter\CodeIgniter))
15 FCPATH\index.php(59): CodeIgniter\Boot::bootWeb(Object(Config\Paths))
CRITICAL - 2026-04-17 22:48:52 --> ErrorException: Undefined variable $spbu
[Method: GET, Route: admin/setting]
in APPPATH\Views\v_setting.php on line 24.
 1 APPPATH\Views\v_setting.php(24): CodeIgniter\Debug\Exceptions->errorHandler(2, 'Undefined variable $spbu', 'C:\\laragon\\www\\gis-spbu-ci4\\app\\Views\\v_setting.php', 24)
 2 SYSTEMPATH\View\View.php(240): include('C:\\laragon\\www\\gis-spbu-ci4\\app\\Views\\v_setting.php')
 3 SYSTEMPATH\View\View.php(243): CodeIgniter\View\View->CodeIgniter\View\{closure}()
 4 SYSTEMPATH\Common.php(1250): CodeIgniter\View\View->render('v_setting', [], true)
 5 APPPATH\Views\v_template_back_end.php(180): view('v_setting')
 6 SYSTEMPATH\View\View.php(240): include('C:\\laragon\\www\\gis-spbu-ci4\\app\\Views\\v_template_back_end.php')
 7 SYSTEMPATH\View\View.php(243): CodeIgniter\View\View->CodeIgniter\View\{closure}()
 8 SYSTEMPATH\Common.php(1250): CodeIgniter\View\View->render('v_template_back_end', [], true)
 9 APPPATH\Controllers\Admin.php(30): view('v_template_back_end', [...])
10 SYSTEMPATH\CodeIgniter.php(951): App\Controllers\Admin->setting()
11 SYSTEMPATH\CodeIgniter.php(497): CodeIgniter\CodeIgniter->runController(Object(App\Controllers\Admin))
12 SYSTEMPATH\CodeIgniter.php(340): CodeIgniter\CodeIgniter->handleRequest(null, Object(Config\Cache), false)
13 SYSTEMPATH\Boot.php(417): CodeIgniter\CodeIgniter->run()
14 SYSTEMPATH\Boot.php(68): CodeIgniter\Boot::runCodeIgniter(Object(CodeIgniter\CodeIgniter))
15 FCPATH\index.php(59): CodeIgniter\Boot::bootWeb(Object(Config\Paths))
CRITICAL - 2026-04-17 22:49:04 --> ErrorException: Undefined variable $web
[Method: GET, Route: admin/setting]
in APPPATH\Views\v_setting.php on line 24.
 1 APPPATH\Views\v_setting.php(24): CodeIgniter\Debug\Exceptions->errorHandler(2, 'Undefined variable $web', 'C:\\laragon\\www\\gis-spbu-ci4\\app\\Views\\v_setting.php', 24)
 2 SYSTEMPATH\View\View.php(240): include('C:\\laragon\\www\\gis-spbu-ci4\\app\\Views\\v_setting.php')
 3 SYSTEMPATH\View\View.php(243): CodeIgniter\View\View->CodeIgniter\View\{closure}()
 4 SYSTEMPATH\Common.php(1250): CodeIgniter\View\View->render('v_setting', [], true)
 5 APPPATH\Views\v_template_back_end.php(180): view('v_setting')
 6 SYSTEMPATH\View\View.php(240): include('C:\\laragon\\www\\gis-spbu-ci4\\app\\Views\\v_template_back_end.php')
 7 SYSTEMPATH\View\View.php(243): CodeIgniter\View\View->CodeIgniter\View\{closure}()
 8 SYSTEMPATH\Common.php(1250): CodeIgniter\View\View->render('v_template_back_end', [], true)
 9 APPPATH\Controllers\Admin.php(30): view('v_template_back_end', [...])
10 SYSTEMPATH\CodeIgniter.php(951): App\Controllers\Admin->setting()
11 SYSTEMPATH\CodeIgniter.php(497): CodeIgniter\CodeIgniter->runController(Object(App\Controllers\Admin))
12 SYSTEMPATH\CodeIgniter.php(340): CodeIgniter\CodeIgniter->handleRequest(null, Object(Config\Cache), false)
13 SYSTEMPATH\Boot.php(417): CodeIgniter\CodeIgniter->run()
14 SYSTEMPATH\Boot.php(68): CodeIgniter\Boot::runCodeIgniter(Object(CodeIgniter\CodeIgniter))
15 FCPATH\index.php(59): CodeIgniter\Boot::bootWeb(Object(Config\Paths))
CRITICAL - 2026-04-17 22:49:05 --> ErrorException: Undefined variable $web
[Method: GET, Route: admin/setting]
in APPPATH\Views\v_setting.php on line 24.
 1 APPPATH\Views\v_setting.php(24): CodeIgniter\Debug\Exceptions->errorHandler(2, 'Undefined variable $web', 'C:\\laragon\\www\\gis-spbu-ci4\\app\\Views\\v_setting.php', 24)
 2 SYSTEMPATH\View\View.php(240): include('C:\\laragon\\www\\gis-spbu-ci4\\app\\Views\\v_setting.php')
 3 SYSTEMPATH\View\View.php(243): CodeIgniter\View\View->CodeIgniter\View\{closure}()
 4 SYSTEMPATH\Common.php(1250): CodeIgniter\View\View->render('v_setting', [], true)
 5 APPPATH\Views\v_template_back_end.php(180): view('v_setting')
 6 SYSTEMPATH\View\View.php(240): include('C:\\laragon\\www\\gis-spbu-ci4\\app\\Views\\v_template_back_end.php')
 7 SYSTEMPATH\View\View.php(243): CodeIgniter\View\View->CodeIgniter\View\{closure}()
 8 SYSTEMPATH\Common.php(1250): CodeIgniter\View\View->render('v_template_back_end', [], true)
 9 APPPATH\Controllers\Admin.php(30): view('v_template_back_end', [...])
10 SYSTEMPATH\CodeIgniter.php(951): App\Controllers\Admin->setting()
11 SYSTEMPATH\CodeIgniter.php(497): CodeIgniter\CodeIgniter->runController(Object(App\Controllers\Admin))
12 SYSTEMPATH\CodeIgniter.php(340): CodeIgniter\CodeIgniter->handleRequest(null, Object(Config\Cache), false)
13 SYSTEMPATH\Boot.php(417): CodeIgniter\CodeIgniter->run()
14 SYSTEMPATH\Boot.php(68): CodeIgniter\Boot::runCodeIgniter(Object(CodeIgniter\CodeIgniter))
15 FCPATH\index.php(59): CodeIgniter\Boot::bootWeb(Object(Config\Paths))
CRITICAL - 2026-04-17 22:49:05 --> ErrorException: Undefined variable $web
[Method: GET, Route: admin/setting]
in APPPATH\Views\v_setting.php on line 24.
 1 APPPATH\Views\v_setting.php(24): CodeIgniter\Debug\Exceptions->errorHandler(2, 'Undefined variable $web', 'C:\\laragon\\www\\gis-spbu-ci4\\app\\Views\\v_setting.php', 24)
 2 SYSTEMPATH\View\View.php(240): include('C:\\laragon\\www\\gis-spbu-ci4\\app\\Views\\v_setting.php')
 3 SYSTEMPATH\View\View.php(243): CodeIgniter\View\View->CodeIgniter\View\{closure}()
 4 SYSTEMPATH\Common.php(1250): CodeIgniter\View\View->render('v_setting', [], true)
 5 APPPATH\Views\v_template_back_end.php(180): view('v_setting')
 6 SYSTEMPATH\View\View.php(240): include('C:\\laragon\\www\\gis-spbu-ci4\\app\\Views\\v_template_back_end.php')
 7 SYSTEMPATH\View\View.php(243): CodeIgniter\View\View->CodeIgniter\View\{closure}()
 8 SYSTEMPATH\Common.php(1250): CodeIgniter\View\View->render('v_template_back_end', [], true)
 9 APPPATH\Controllers\Admin.php(30): view('v_template_back_end', [...])
10 SYSTEMPATH\CodeIgniter.php(951): App\Controllers\Admin->setting()
11 SYSTEMPATH\CodeIgniter.php(497): CodeIgniter\CodeIgniter->runController(Object(App\Controllers\Admin))
12 SYSTEMPATH\CodeIgniter.php(340): CodeIgniter\CodeIgniter->handleRequest(null, Object(Config\Cache), false)
13 SYSTEMPATH\Boot.php(417): CodeIgniter\CodeIgniter->run()
14 SYSTEMPATH\Boot.php(68): CodeIgniter\Boot::runCodeIgniter(Object(CodeIgniter\CodeIgniter))
15 FCPATH\index.php(59): CodeIgniter\Boot::bootWeb(Object(Config\Paths))
CRITICAL - 2026-04-17 22:50:58 --> ErrorException: Undefined variable $spbu
[Method: GET, Route: admin/setting]
in APPPATH\Views\v_setting.php on line 24.
 1 APPPATH\Views\v_setting.php(24): CodeIgniter\Debug\Exceptions->errorHandler(2, 'Undefined variable $spbu', 'C:\\laragon\\www\\gis-spbu-ci4\\app\\Views\\v_setting.php', 24)
 2 SYSTEMPATH\View\View.php(240): include('C:\\laragon\\www\\gis-spbu-ci4\\app\\Views\\v_setting.php')
 3 SYSTEMPATH\View\View.php(243): CodeIgniter\View\View->CodeIgniter\View\{closure}()
 4 SYSTEMPATH\Common.php(1250): CodeIgniter\View\View->render('v_setting', [], true)
 5 APPPATH\Views\v_template_back_end.php(180): view('v_setting')
 6 SYSTEMPATH\View\View.php(240): include('C:\\laragon\\www\\gis-spbu-ci4\\app\\Views\\v_template_back_end.php')
 7 SYSTEMPATH\View\View.php(243): CodeIgniter\View\View->CodeIgniter\View\{closure}()
 8 SYSTEMPATH\Common.php(1250): CodeIgniter\View\View->render('v_template_back_end', [], true)
 9 APPPATH\Controllers\Admin.php(30): view('v_template_back_end', [...])
10 SYSTEMPATH\CodeIgniter.php(951): App\Controllers\Admin->setting()
11 SYSTEMPATH\CodeIgniter.php(497): CodeIgniter\CodeIgniter->runController(Object(App\Controllers\Admin))
12 SYSTEMPATH\CodeIgniter.php(340): CodeIgniter\CodeIgniter->handleRequest(null, Object(Config\Cache), false)
13 SYSTEMPATH\Boot.php(417): CodeIgniter\CodeIgniter->run()
14 SYSTEMPATH\Boot.php(68): CodeIgniter\Boot::runCodeIgniter(Object(CodeIgniter\CodeIgniter))
15 FCPATH\index.php(59): CodeIgniter\Boot::bootWeb(Object(Config\Paths))
CRITICAL - 2026-04-17 22:57:08 --> ErrorException: Undefined array key "coordinat wilayah"
[Method: GET, Route: admin/setting]
in APPPATH\Views\v_setting.php on line 30.
 1 APPPATH\Views\v_setting.php(30): CodeIgniter\Debug\Exceptions->errorHandler(2, 'Undefined array key "coordinat wilayah"', 'C:\\laragon\\www\\gis-spbu-ci4\\app\\Views\\v_setting.php', 30)
 2 SYSTEMPATH\View\View.php(240): include('C:\\laragon\\www\\gis-spbu-ci4\\app\\Views\\v_setting.php')
 3 SYSTEMPATH\View\View.php(243): CodeIgniter\View\View->CodeIgniter\View\{closure}()
 4 SYSTEMPATH\Common.php(1250): CodeIgniter\View\View->render('v_setting', [], true)
 5 APPPATH\Views\v_template_back_end.php(180): view('v_setting')
 6 SYSTEMPATH\View\View.php(240): include('C:\\laragon\\www\\gis-spbu-ci4\\app\\Views\\v_template_back_end.php')
 7 SYSTEMPATH\View\View.php(243): CodeIgniter\View\View->CodeIgniter\View\{closure}()
 8 SYSTEMPATH\Common.php(1250): CodeIgniter\View\View->render('v_template_back_end', [], true)
 9 APPPATH\Controllers\Admin.php(31): view('v_template_back_end', [...])
10 SYSTEMPATH\CodeIgniter.php(951): App\Controllers\Admin->setting()
11 SYSTEMPATH\CodeIgniter.php(497): CodeIgniter\CodeIgniter->runController(Object(App\Controllers\Admin))
12 SYSTEMPATH\CodeIgniter.php(340): CodeIgniter\CodeIgniter->handleRequest(null, Object(Config\Cache), false)
13 SYSTEMPATH\Boot.php(417): CodeIgniter\CodeIgniter->run()
14 SYSTEMPATH\Boot.php(68): CodeIgniter\Boot::runCodeIgniter(Object(CodeIgniter\CodeIgniter))
15 FCPATH\index.php(59): CodeIgniter\Boot::bootWeb(Object(Config\Paths))
CRITICAL - 2026-04-17 22:57:09 --> ErrorException: Undefined array key "coordinat wilayah"
[Method: GET, Route: admin/setting]
in APPPATH\Views\v_setting.php on line 30.
 1 APPPATH\Views\v_setting.php(30): CodeIgniter\Debug\Exceptions->errorHandler(2, 'Undefined array key "coordinat wilayah"', 'C:\\laragon\\www\\gis-spbu-ci4\\app\\Views\\v_setting.php', 30)
 2 SYSTEMPATH\View\View.php(240): include('C:\\laragon\\www\\gis-spbu-ci4\\app\\Views\\v_setting.php')
 3 SYSTEMPATH\View\View.php(243): CodeIgniter\View\View->CodeIgniter\View\{closure}()
 4 SYSTEMPATH\Common.php(1250): CodeIgniter\View\View->render('v_setting', [], true)
 5 APPPATH\Views\v_template_back_end.php(180): view('v_setting')
 6 SYSTEMPATH\View\View.php(240): include('C:\\laragon\\www\\gis-spbu-ci4\\app\\Views\\v_template_back_end.php')
 7 SYSTEMPATH\View\View.php(243): CodeIgniter\View\View->CodeIgniter\View\{closure}()
 8 SYSTEMPATH\Common.php(1250): CodeIgniter\View\View->render('v_template_back_end', [], true)
 9 APPPATH\Controllers\Admin.php(31): view('v_template_back_end', [...])
10 SYSTEMPATH\CodeIgniter.php(951): App\Controllers\Admin->setting()
11 SYSTEMPATH\CodeIgniter.php(497): CodeIgniter\CodeIgniter->runController(Object(App\Controllers\Admin))
12 SYSTEMPATH\CodeIgniter.php(340): CodeIgniter\CodeIgniter->handleRequest(null, Object(Config\Cache), false)
13 SYSTEMPATH\Boot.php(417): CodeIgniter\CodeIgniter->run()
14 SYSTEMPATH\Boot.php(68): CodeIgniter\Boot::runCodeIgniter(Object(CodeIgniter\CodeIgniter))
15 FCPATH\index.php(59): CodeIgniter\Boot::bootWeb(Object(Config\Paths))
