CRITICAL - 2026-04-09 15:11:14 --> ErrorException: Undefined variable $page
[Method: GET, Route: /]
in APPPATH\Views\v_template_front_end.php on line 173.
 1 APPPATH\Views\v_template_front_end.php(173): CodeIgniter\Debug\Exceptions->errorHandler(2, 'Undefined variable $page', 'C:\\laragon\\www\\gis-spbu-ci4\\app\\Views\\v_template_front_end.php', 173)
 2 SYSTEMPATH\View\View.php(240): include('C:\\laragon\\www\\gis-spbu-ci4\\app\\Views\\v_template_front_end.php')
 3 SYSTEMPATH\View\View.php(243): CodeIgniter\View\View->{closure:CodeIgniter\View\View::render():237}()
 4 SYSTEMPATH\Common.php(1250): CodeIgniter\View\View->render('v_template_front_end', [], true)
 5 APPPATH\Controllers\Home.php(13): view('v_template_front_end')
 6 SYSTEMPATH\CodeIgniter.php(951): App\Controllers\Home->index()
 7 SYSTEMPATH\CodeIgniter.php(497): CodeIgniter\CodeIgniter->runController(Object(App\Controllers\Home))
 8 SYSTEMPATH\CodeIgniter.php(340): CodeIgniter\CodeIgniter->handleRequest(null, Object(Config\Cache), false)
 9 SYSTEMPATH\Boot.php(417): CodeIgniter\CodeIgniter->run()
10 SYSTEMPATH\Boot.php(68): CodeIgniter\Boot::runCodeIgniter(Object(CodeIgniter\CodeIgniter))
11 FCPATH\index.php(59): CodeIgniter\Boot::bootWeb(Object(Config\Paths))
CRITICAL - 2026-04-09 15:11:16 --> ErrorException: Undefined variable $page
[Method: GET, Route: /]
in APPPATH\Views\v_template_front_end.php on line 173.
 1 APPPATH\Views\v_template_front_end.php(173): CodeIgniter\Debug\Exceptions->errorHandler(2, 'Undefined variable $page', 'C:\\laragon\\www\\gis-spbu-ci4\\app\\Views\\v_template_front_end.php', 173)
 2 SYSTEMPATH\View\View.php(240): include('C:\\laragon\\www\\gis-spbu-ci4\\app\\Views\\v_template_front_end.php')
 3 SYSTEMPATH\View\View.php(243): CodeIgniter\View\View->{closure:CodeIgniter\View\View::render():237}()
 4 SYSTEMPATH\Common.php(1250): CodeIgniter\View\View->render('v_template_front_end', [], true)
 5 APPPATH\Controllers\Home.php(13): view('v_template_front_end')
 6 SYSTEMPATH\CodeIgniter.php(951): App\Controllers\Home->index()
 7 SYSTEMPATH\CodeIgniter.php(497): CodeIgniter\CodeIgniter->runController(Object(App\Controllers\Home))
 8 SYSTEMPATH\CodeIgniter.php(340): CodeIgniter\CodeIgniter->handleRequest(null, Object(Config\Cache), false)
 9 SYSTEMPATH\Boot.php(417): CodeIgniter\CodeIgniter->run()
10 SYSTEMPATH\Boot.php(68): CodeIgniter\Boot::runCodeIgniter(Object(CodeIgniter\CodeIgniter))
11 FCPATH\index.php(59): CodeIgniter\Boot::bootWeb(Object(Config\Paths))
CRITICAL - 2026-04-09 15:11:18 --> ErrorException: Undefined variable $page
[Method: GET, Route: /]
in APPPATH\Views\v_template_front_end.php on line 173.
 1 APPPATH\Views\v_template_front_end.php(173): CodeIgniter\Debug\Exceptions->errorHandler(2, 'Undefined variable $page', 'C:\\laragon\\www\\gis-spbu-ci4\\app\\Views\\v_template_front_end.php', 173)
 2 SYSTEMPATH\View\View.php(240): include('C:\\laragon\\www\\gis-spbu-ci4\\app\\Views\\v_template_front_end.php')
 3 SYSTEMPATH\View\View.php(243): CodeIgniter\View\View->{closure:CodeIgniter\View\View::render():237}()
 4 SYSTEMPATH\Common.php(1250): CodeIgniter\View\View->render('v_template_front_end', [], true)
 5 APPPATH\Controllers\Home.php(13): view('v_template_front_end')
 6 SYSTEMPATH\CodeIgniter.php(951): App\Controllers\Home->index()
 7 SYSTEMPATH\CodeIgniter.php(497): CodeIgniter\CodeIgniter->runController(Object(App\Controllers\Home))
 8 SYSTEMPATH\CodeIgniter.php(340): CodeIgniter\CodeIgniter->handleRequest(null, Object(Config\Cache), false)
 9 SYSTEMPATH\Boot.php(417): CodeIgniter\CodeIgniter->run()
10 SYSTEMPATH\Boot.php(68): CodeIgniter\Boot::runCodeIgniter(Object(CodeIgniter\CodeIgniter))
11 FCPATH\index.php(59): CodeIgniter\Boot::bootWeb(Object(Config\Paths))
CRITICAL - 2026-04-09 15:11:18 --> ErrorException: Undefined variable $page
[Method: GET, Route: /]
in APPPATH\Views\v_template_front_end.php on line 173.
 1 APPPATH\Views\v_template_front_end.php(173): CodeIgniter\Debug\Exceptions->errorHandler(2, 'Undefined variable $page', 'C:\\laragon\\www\\gis-spbu-ci4\\app\\Views\\v_template_front_end.php', 173)
 2 SYSTEMPATH\View\View.php(240): include('C:\\laragon\\www\\gis-spbu-ci4\\app\\Views\\v_template_front_end.php')
 3 SYSTEMPATH\View\View.php(243): CodeIgniter\View\View->{closure:CodeIgniter\View\View::render():237}()
 4 SYSTEMPATH\Common.php(1250): CodeIgniter\View\View->render('v_template_front_end', [], true)
 5 APPPATH\Controllers\Home.php(13): view('v_template_front_end')
 6 SYSTEMPATH\CodeIgniter.php(951): App\Controllers\Home->index()
 7 SYSTEMPATH\CodeIgniter.php(497): CodeIgniter\CodeIgniter->runController(Object(App\Controllers\Home))
 8 SYSTEMPATH\CodeIgniter.php(340): CodeIgniter\CodeIgniter->handleRequest(null, Object(Config\Cache), false)
 9 SYSTEMPATH\Boot.php(417): CodeIgniter\CodeIgniter->run()
10 SYSTEMPATH\Boot.php(68): CodeIgniter\Boot::runCodeIgniter(Object(CodeIgniter\CodeIgniter))
11 FCPATH\index.php(59): CodeIgniter\Boot::bootWeb(Object(Config\Paths))
CRITICAL - 2026-04-09 15:14:00 --> ErrorException: Undefined variable $page
[Method: GET, Route: /]
in APPPATH\Views\v_template_front_end.php on line 173.
 1 APPPATH\Views\v_template_front_end.php(173): CodeIgniter\Debug\Exceptions->errorHandler(2, 'Undefined variable $page', 'C:\\laragon\\www\\gis-spbu-ci4\\app\\Views\\v_template_front_end.php', 173)
 2 SYSTEMPATH\View\View.php(240): include('C:\\laragon\\www\\gis-spbu-ci4\\app\\Views\\v_template_front_end.php')
 3 SYSTEMPATH\View\View.php(243): CodeIgniter\View\View->{closure:CodeIgniter\View\View::render():237}()
 4 SYSTEMPATH\Common.php(1250): CodeIgniter\View\View->render('v_template_front_end', [], true)
 5 APPPATH\Controllers\Home.php(13): view('v_template_front_end')
 6 SYSTEMPATH\CodeIgniter.php(951): App\Controllers\Home->index()
 7 SYSTEMPATH\CodeIgniter.php(497): CodeIgniter\CodeIgniter->runController(Object(App\Controllers\Home))
 8 SYSTEMPATH\CodeIgniter.php(340): CodeIgniter\CodeIgniter->handleRequest(null, Object(Config\Cache), false)
 9 SYSTEMPATH\Boot.php(417): CodeIgniter\CodeIgniter->run()
10 SYSTEMPATH\Boot.php(68): CodeIgniter\Boot::runCodeIgniter(Object(CodeIgniter\CodeIgniter))
11 FCPATH\index.php(59): CodeIgniter\Boot::bootWeb(Object(Config\Paths))
CRITICAL - 2026-04-09 15:14:01 --> ErrorException: Undefined variable $page
[Method: GET, Route: /]
in APPPATH\Views\v_template_front_end.php on line 173.
 1 APPPATH\Views\v_template_front_end.php(173): CodeIgniter\Debug\Exceptions->errorHandler(2, 'Undefined variable $page', 'C:\\laragon\\www\\gis-spbu-ci4\\app\\Views\\v_template_front_end.php', 173)
 2 SYSTEMPATH\View\View.php(240): include('C:\\laragon\\www\\gis-spbu-ci4\\app\\Views\\v_template_front_end.php')
 3 SYSTEMPATH\View\View.php(243): CodeIgniter\View\View->{closure:CodeIgniter\View\View::render():237}()
 4 SYSTEMPATH\Common.php(1250): CodeIgniter\View\View->render('v_template_front_end', [], true)
 5 APPPATH\Controllers\Home.php(13): view('v_template_front_end')
 6 SYSTEMPATH\CodeIgniter.php(951): App\Controllers\Home->index()
 7 SYSTEMPATH\CodeIgniter.php(497): CodeIgniter\CodeIgniter->runController(Object(App\Controllers\Home))
 8 SYSTEMPATH\CodeIgniter.php(340): CodeIgniter\CodeIgniter->handleRequest(null, Object(Config\Cache), false)
 9 SYSTEMPATH\Boot.php(417): CodeIgniter\CodeIgniter->run()
10 SYSTEMPATH\Boot.php(68): CodeIgniter\Boot::runCodeIgniter(Object(CodeIgniter\CodeIgniter))
11 FCPATH\index.php(59): CodeIgniter\Boot::bootWeb(Object(Config\Paths))
CRITICAL - 2026-04-09 15:14:01 --> ErrorException: Undefined variable $page
[Method: GET, Route: /]
in APPPATH\Views\v_template_front_end.php on line 173.
 1 APPPATH\Views\v_template_front_end.php(173): CodeIgniter\Debug\Exceptions->errorHandler(2, 'Undefined variable $page', 'C:\\laragon\\www\\gis-spbu-ci4\\app\\Views\\v_template_front_end.php', 173)
 2 SYSTEMPATH\View\View.php(240): include('C:\\laragon\\www\\gis-spbu-ci4\\app\\Views\\v_template_front_end.php')
 3 SYSTEMPATH\View\View.php(243): CodeIgniter\View\View->{closure:CodeIgniter\View\View::render():237}()
 4 SYSTEMPATH\Common.php(1250): CodeIgniter\View\View->render('v_template_front_end', [], true)
 5 APPPATH\Controllers\Home.php(13): view('v_template_front_end')
 6 SYSTEMPATH\CodeIgniter.php(951): App\Controllers\Home->index()
 7 SYSTEMPATH\CodeIgniter.php(497): CodeIgniter\CodeIgniter->runController(Object(App\Controllers\Home))
 8 SYSTEMPATH\CodeIgniter.php(340): CodeIgniter\CodeIgniter->handleRequest(null, Object(Config\Cache), false)
 9 SYSTEMPATH\Boot.php(417): CodeIgniter\CodeIgniter->run()
10 SYSTEMPATH\Boot.php(68): CodeIgniter\Boot::runCodeIgniter(Object(CodeIgniter\CodeIgniter))
11 FCPATH\index.php(59): CodeIgniter\Boot::bootWeb(Object(Config\Paths))
